apiVersion: v1
kind: Namespace
metadata:
  creationTimestamp: null
  labels:
    toolkit.fluxcd.io/tenant: foo-tenant
  name: foo-ns
spec: {}
status: {}
---
apiVersion: rbac.authorization.k8s.io/v1
kind: RoleBinding
metadata:
  creationTimestamp: null
  labels:
    toolkit.fluxcd.io/tenant: foo-tenant
  name: foo-tenant-service-account-cluster-admin
  namespace: foo-ns
roleRef:
  apiGroup: rbac.authorization.k8s.io
  kind: ClusterRole
  name: cluster-admin
subjects:
- kind: ServiceAccount
  name: test-sa
  namespace: foo-ns
---
apiVersion: v1
kind: Namespace
metadata:
  creationTimestamp: null
  labels:
    toolkit.fluxcd.io/tenant: foo-tenant
  name: bar-ns
spec: {}
status: {}
---
apiVersion: rbac.authorization.k8s.io/v1
kind: RoleBinding
metadata:
  creationTimestamp: null
  labels:
    toolkit.fluxcd.io/tenant: foo-tenant
  name: foo-tenant-service-account-cluster-admin
  namespace: bar-ns
roleRef:
  apiGroup: rbac.authorization.k8s.io
  kind: ClusterRole
  name: cluster-admin
subjects:
- kind: ServiceAccount
  name: test-sa
  namespace: bar-ns
---
apiVersion: pac.weave.works/v2beta2
kind: Policy
metadata:
  creationTimestamp: null
  labels:
    toolkit.fluxcd.io/tenant: foo-tenant
  name: weave.policies.tenancy.foo-tenant-allowed-application-deploy
spec:
  category: weave.categories.tenancy
  code: |
    package weave.tenancy.allowed_application_deploy

    controller_input := input.review.object
    violation[result] {
        namespaces := input.parameters.namespaces
        targetNamespace := controller_input.spec.targetNamespace
        not contains_array(targetNamespace, namespaces)
        result = {
        "issue detected": true,
        "msg": sprintf("using target namespace %v is not allowed", [targetNamespace]),
        }
    }
    violation[result] {
        serviceAccountName := controller_input.spec.serviceAccountName
        serviceAccountName != input.parameters.service_account_name
        result = {
        "issue detected": true,
        "msg": sprintf("using service account name %v is not allowed", [serviceAccountName]),
        }
    }
    contains_array(item, items) {
        items[_] = item
    }
  description: Determines which helm release and kustomization can be used in a tenant
  how_to_solve: ""
  id: weave.policies.tenancy.foo-tenant-allowed-application-deploy
  mutate: false
  name: foo-tenant allowed application deploy
  parameters:
  - name: namespaces
    required: false
    type: array
    value:
    - foo-ns
    - bar-ns
  - name: service_account_name
    required: false
    type: string
    value: test-sa
  provider: kubernetes
  severity: high
  standards: []
  tags:
  - tenancy
  targets:
    kinds:
    - HelmRelease
    - Kustomization
    labels: []
    namespaces:
    - foo-ns
    - bar-ns
status: {}
---
