// Jest Snapshot v1, https://goo.gl/fbAQLP

exports[`Applications index test snapshots loading 1`] = `
<div>
  <div
    class="gNvEgP FXFCu"
  >
    <div
      class="jznFWU croJIL"
    >
      <div
        class="fNCJgN"
      >
        <div
          class="fNCJgN"
        >
          <span
            class="kWxeCI jIyfuu ellipsis"
            color="neutral40"
            data-testid="text-Applications"
            title="Applications"
          >
            Applications
          </span>
        </div>
      </div>
      <div
        class=""
      >
        <span
          class="MuiSwitch-root NeIUB $7335ba1b890ac032$var$DarkModeSwitch"
        >
          <span
            aria-disabled="false"
            class="MuiButtonBase-root MuiIconButton-root PrivateSwitchBase-root-8 MuiSwitch-switchBase MuiSwitch-colorPrimary"
          >
            <span
              class="MuiIconButton-label"
            >
              <input
                class="PrivateSwitchBase-input-11 MuiSwitch-input"
                type="checkbox"
                value=""
              />
              <span
                class="MuiSwitch-thumb"
              />
            </span>
          </span>
          <span
            class="MuiSwitch-track"
          />
        </span>
        <button
          aria-haspopup="true"
          class="MuiButtonBase-root MuiIconButton-root lXJtU"
          tabindex="0"
          title="Account settings"
          type="button"
        >
          <span
            class="MuiIconButton-label"
          >
            <div
              class="fNCJgN fnoxou"
            >
              <svg
                aria-hidden="true"
                class="MuiSvgIcon-root"
                focusable="false"
                viewBox="0 0 24 24"
              >
                <path
                  d="M12 12c2.21 0 4-1.79 4-4s-1.79-4-4-4-4 1.79-4 4 1.79 4 4 4zm0 2c-2.67 0-8 1.34-8 4v2h16v-2c0-2.66-5.33-4-8-4z"
                />
              </svg>
            </div>
          </span>
        </button>
      </div>
    </div>
    <div
      class="gUfaXj"
    >
      <div
        class="emneXV hTZZou hZHeJz"
      >
        <div
          class="cSONBq iXvLES "
        >
          <div
            class="MuiCircularProgress-root MuiCircularProgress-colorPrimary MuiCircularProgress-indeterminate"
            role="progressbar"
            style="width: 40px; height: 40px;"
          >
            <svg
              class="MuiCircularProgress-svg"
              viewBox="22 22 44 44"
            >
              <circle
                class="MuiCircularProgress-circle MuiCircularProgress-circleIndeterminate"
                cx="44"
                cy="44"
                fill="none"
                r="20.2"
                stroke-width="3.6"
              />
            </svg>
          </div>
        </div>
      </div>
    </div>
  </div>
</div>
`;

exports[`Applications index test snapshots success 1`] = `
<div>
  <div
    class="gNvEgP FXFCu"
  >
    <div
      class="jznFWU croJIL"
    >
      <div
        class="fNCJgN"
      >
        <div
          class="fNCJgN"
        >
          <span
            class="kWxeCI jIyfuu ellipsis"
            color="neutral40"
            data-testid="text-Applications"
            title="Applications"
          >
            Applications
          </span>
        </div>
      </div>
      <div
        class=""
      >
        <span
          class="MuiSwitch-root NeIUB $7335ba1b890ac032$var$DarkModeSwitch"
        >
          <span
            aria-disabled="false"
            class="MuiButtonBase-root MuiIconButton-root PrivateSwitchBase-root-15 MuiSwitch-switchBase MuiSwitch-colorPrimary"
          >
            <span
              class="MuiIconButton-label"
            >
              <input
                class="PrivateSwitchBase-input-18 MuiSwitch-input"
                type="checkbox"
                value=""
              />
              <span
                class="MuiSwitch-thumb"
              />
            </span>
            <span
              class="MuiTouchRipple-root"
            />
          </span>
          <span
            class="MuiSwitch-track"
          />
        </span>
        <button
          aria-haspopup="true"
          class="MuiButtonBase-root MuiIconButton-root lXJtU"
          tabindex="0"
          title="Account settings"
          type="button"
        >
          <span
            class="MuiIconButton-label"
          >
            <div
              class="fNCJgN fnoxou"
            >
              <svg
                aria-hidden="true"
                class="MuiSvgIcon-root"
                focusable="false"
                viewBox="0 0 24 24"
              >
                <path
                  d="M12 12c2.21 0 4-1.79 4-4s-1.79-4-4-4-4 1.79-4 4 1.79 4 4 4zm0 2c-2.67 0-8 1.34-8 4v2h16v-2c0-2.66-5.33-4-8-4z"
                />
              </svg>
            </div>
          </span>
          <span
            class="MuiTouchRipple-root"
          />
        </button>
      </div>
    </div>
    <div
      class="gUfaXj"
    >
      <div
        class="emneXV hTZZou hZHeJz"
      >
        <div
          class="XXBSR czXnDY"
        >
          <div
            style="width: 100%;"
          >
            <div
              class="MuiBox-root MuiBox-root-19"
              style="width: 100%;"
            />
            <div
              class="ftHvRj"
            >
              <div
                class="klQlWZ"
              >
                <button
                  class="MuiButtonBase-root MuiButton-root MuiButton-outlined fQBFf actionButton btn MuiButton-outlinedPrimary MuiButton-disableElevation"
                  id="add-application"
                  tabindex="0"
                  type="button"
                >
                  <span
                    class="MuiButton-label"
                  >
                    <span
                      class="MuiButton-startIcon MuiButton-iconSizeMedium"
                    >
                      <div
                        class="fNCJgN hxXmRH"
                      >
                        <svg
                          aria-hidden="true"
                          class="MuiSvgIcon-root"
                          focusable="false"
                          viewBox="0 0 24 24"
                        >
                          <path
                            d="M19 13h-6v6h-2v-6H5v-2h6V5h2v6h6v2z"
                          />
                        </svg>
                      </div>
                    </span>
                    ADD AN APPLICATION
                  </span>
                  <span
                    class="MuiTouchRipple-root"
                  />
                </button>
                <div>
                  Git Repos not found
                </div>
              </div>
              <div
                class=""
              >
                <div
                  class="gNvEgP dpBfnz eYATbU $de7736a788c0c71d$var$AutomationsTable"
                >
                  <div
                    class=""
                  />
                  <div
                    class="cSydOs fGHQuv"
                  >
                    <div
                      class="idkxOY itevTI $52441885c75ba9c5$var$CheckboxActions"
                    >
                      <div
                        class="$4d7d782bef2eb187$var$SyncButton"
                        style="position: relative; display: inline-block;"
                      >
                        <div
                          class="iZJOkC"
                        >
                          <button
                            class="MuiButtonBase-root MuiButton-root MuiButton-outlined fQBFf hBzXmz MuiButton-outlinedPrimary MuiButton-disableElevation Mui-disabled Mui-disabled"
                            disabled=""
                            tabindex="-1"
                            type="button"
                          >
                            <span
                              class="MuiButton-label"
                            >
                              Sync
                            </span>
                          </button>
                          <button
                            class="MuiButtonBase-root MuiButton-root MuiButton-outlined ciKSX leomrj MuiButton-outlinedPrimary MuiButton-disableElevation Mui-disabled Mui-disabled"
                            disabled=""
                            tabindex="-1"
                            type="button"
                          >
                            <span
                              class="MuiButton-label"
                            >
                              <div
                                class="fNCJgN hxXmRH"
                              >
                                <svg
                                  aria-hidden="true"
                                  class="MuiSvgIcon-root"
                                  focusable="false"
                                  viewBox="0 0 24 24"
                                >
                                  <path
                                    d="M7 10l5 5 5-5z"
                                  />
                                </svg>
                              </div>
                            </span>
                          </button>
                        </div>
                        <div
                          class="iZJOkC cLbLOq"
                        >
                          <button
                            class="MuiButtonBase-root MuiButton-root MuiButton-outlined fQBFf MuiButton-outlinedPrimary MuiButton-disableElevation"
                            style="white-space: nowrap;"
                            tabindex="0"
                            type="button"
                          >
                            <span
                              class="MuiButton-label"
                            >
                              Sync Without Source
                            </span>
                            <span
                              class="MuiTouchRipple-root"
                            />
                          </button>
                        </div>
                      </div>
                      <div
                        class=""
                        title="Suspend Selected"
                      >
                        <button
                          class="MuiButtonBase-root MuiButton-root MuiButton-outlined fQBFf MuiButton-outlinedPrimary MuiButton-disableElevation Mui-disabled Mui-disabled"
                          disabled=""
                          tabindex="-1"
                          type="button"
                        >
                          <span
                            class="MuiButton-label"
                          >
                            <div
                              class="fNCJgN fnoxou"
                            >
                              <svg
                                aria-hidden="true"
                                class="MuiSvgIcon-root"
                                focusable="false"
                                viewBox="0 0 24 24"
                              >
                                <path
                                  d="M6 19h4V5H6v14zm8-14v14h4V5h-4z"
                                />
                              </svg>
                            </div>
                          </span>
                        </button>
                      </div>
                      <div
                        class=""
                        title="Resume Selected"
                      >
                        <button
                          class="MuiButtonBase-root MuiButton-root MuiButton-outlined fQBFf MuiButton-outlinedPrimary MuiButton-disableElevation Mui-disabled Mui-disabled"
                          disabled=""
                          tabindex="-1"
                          type="button"
                        >
                          <span
                            class="MuiButton-label"
                          >
                            <div
                              class="fNCJgN fnoxou"
                            >
                              <svg
                                aria-hidden="true"
                                class="MuiSvgIcon-root"
                                focusable="false"
                                viewBox="0 0 24 24"
                              >
                                <path
                                  d="M8 5v14l11-7z"
                                />
                              </svg>
                            </div>
                          </span>
                        </button>
                      </div>
                    </div>
                    <div
                      class="eqkCsf cTdykF $9121bed0097d59fd$var$ChipGroup"
                    />
                    <div
                      class="fNCJgN NOFcm"
                    >
                      <div
                        class="fNCJgN $621c541edae1f860$var$SearchField"
                      >
                        <button
                          class="MuiButtonBase-root MuiButton-root MuiButton-text ciKSX $621c541edae1f860$var$SearchField MuiButton-colorInherit MuiButton-disableElevation"
                          tabindex="0"
                          type="button"
                        >
                          <span
                            class="MuiButton-label"
                          >
                            <div
                              class="fNCJgN jAQQHi"
                            >
                              <svg
                                id="explorer"
                                viewBox="0 0 24 24"
                                xmlns="http://www.w3.org/2000/svg"
                              >
                                <path
                                  class="path-fill"
                                  d="m9.59,5c1.23,0,2.38.48,3.24,1.34.87.87,1.34,2.02,1.34,3.24s-.48,2.38-1.34,3.24-2.02,1.34-3.24,1.34-2.38-.48-3.24-1.34-1.34-2.02-1.34-3.24.48-2.38,1.34-3.24c.87-.87,2.02-1.34,3.24-1.34m0-1c-1.43,0-2.86.55-3.95,1.64-2.18,2.18-2.18,5.72,0,7.9,1.09,1.09,2.52,1.64,3.95,1.64s2.86-.55,3.95-1.64c2.18-2.18,2.18-5.72,0-7.9-1.09-1.09-2.52-1.64-3.95-1.64h0Z"
                                />
                                <path
                                  class="path-fill"
                                  d="m7.44,7.91c-.13,0-.25-.04-.34-.14-.2-.2-.21-.49-.02-.69l.04-.04c.2-.2.51-.2.71,0s.2.51,0,.71c-.1.1-.24.16-.38.16Zm3.81-.38c-.09,0-.18-.02-.26-.07l.21-.46.27-.42-.27.42.3-.4c.24.14.31.45.17.69-.09.16-.26.24-.43.24Zm-1.96-.48c-.25,0-.49-.18-.52-.44-.03-.27.14-.52.41-.55h.05c.27-.05.52.16.55.43.03.27-.16.52-.44.55-.02,0-.04,0-.06,0Z"
                                />
                                <path
                                  class="path-fill"
                                  d="m11.25,7.53c-.25,0-.49-.18-.52-.44-.03-.27.14-.52.41-.55h.05c.27-.05.52.16.55.43.03.27-.16.52-.44.55-.02,0-.04,0-.06,0Z"
                                />
                                <line
                                  class="stroke-fill"
                                  x1="13.24"
                                  x2="14.71"
                                  y1="13.24"
                                  y2="14.71"
                                />
                                <rect
                                  class="stroke-fill"
                                  height="6.09"
                                  rx="1"
                                  ry="1"
                                  transform="translate(-7.09 17.13) rotate(-45)"
                                  width="2.03"
                                  x="16.11"
                                  y="14.08"
                                />
                              </svg>
                            </div>
                          </span>
                          <span
                            class="MuiTouchRipple-root"
                          />
                        </button>
                        <div
                          class="cUSvyy "
                        >
                          <form>
                            <div
                              class="MuiFormControl-root MuiTextField-root $66a683f19021b9f2$var$Input"
                            >
                              <div
                                class="MuiInputBase-root MuiInput-root MuiInput-underline MuiInputBase-formControl MuiInput-formControl"
                              >
                                <input
                                  aria-invalid="false"
                                  class="MuiInputBase-input MuiInput-input"
                                  id="table-search"
                                  placeholder="Search"
                                  type="text"
                                  value=""
                                />
                              </div>
                            </div>
                          </form>
                        </div>
                      </div>
                      <button
                        class="MuiButtonBase-root MuiButton-root MuiButton-text ciKSX MuiButton-colorInherit MuiButton-disableElevation"
                        tabindex="0"
                        type="button"
                      >
                        <span
                          class="MuiButton-label"
                        >
                          <div
                            class="fNCJgN jAQQHi"
                          >
                            <svg
                              aria-hidden="true"
                              class="MuiSvgIcon-root"
                              focusable="false"
                              viewBox="0 0 24 24"
                            >
                              <path
                                d="M10 18h4v-2h-4v2zM3 6v2h18V6H3zm3 7h12v-2H6v2z"
                              />
                            </svg>
                          </div>
                        </span>
                        <span
                          class="MuiTouchRipple-root"
                        />
                      </button>
                    </div>
                  </div>
                  <div
                    class="fXhDuD"
                  >
                    <div
                      class="MuiTableContainer-root"
                    >
                      <table
                        aria-label="simple table"
                        class="MuiTable-root"
                      >
                        <thead
                          class="MuiTableHead-root"
                        >
                          <tr
                            class="MuiTableRow-root MuiTableRow-head"
                          >
                            <th
                              class="MuiTableCell-root MuiTableCell-head"
                              scope="col"
                            >
                              <span
                                aria-disabled="false"
                                class="MuiButtonBase-root MuiIconButton-root PrivateSwitchBase-root-15 MuiCheckbox-root MuiCheckbox-colorPrimary PrivateSwitchBase-checked-16 Mui-checked MuiIconButton-colorPrimary"
                              >
                                <span
                                  class="MuiIconButton-label"
                                >
                                  <input
                                    checked=""
                                    class="PrivateSwitchBase-input-18"
                                    data-indeterminate="false"
                                    type="checkbox"
                                    value=""
                                  />
                                  <svg
                                    aria-hidden="true"
                                    class="MuiSvgIcon-root"
                                    focusable="false"
                                    viewBox="0 0 24 24"
                                  >
                                    <path
                                      d="M19 3H5c-1.11 0-2 .9-2 2v14c0 1.1.89 2 2 2h14c1.11 0 2-.9 2-2V5c0-1.1-.89-2-2-2zm-9 14l-5-5 1.41-1.41L10 14.17l7.59-7.59L19 8l-9 9z"
                                    />
                                  </svg>
                                </span>
                                <span
                                  class="MuiTouchRipple-root"
                                />
                              </span>
                            </th>
                            <th
                              class="MuiTableCell-root MuiTableCell-head"
                              scope="col"
                            >
                              <div
                                class="IsKSv"
                              >
                                <button
                                  class="MuiButtonBase-root MuiButton-root MuiButton-text lfZVQa MuiButton-colorInherit"
                                  tabindex="0"
                                  type="button"
                                >
                                  <span
                                    class="MuiButton-label"
                                  >
                                    <h2
                                      class=""
                                    >
                                      Name
                                    </h2>
                                  </span>
                                  <span
                                    class="MuiTouchRipple-root"
                                  />
                                </button>
                                <div
                                  class="fmllGp"
                                />
                                <div
                                  style="width: 16px;"
                                />
                              </div>
                            </th>
                            <th
                              class="MuiTableCell-root MuiTableCell-head"
                              scope="col"
                            >
                              <div
                                class="IsKSv"
                              >
                                <button
                                  class="MuiButtonBase-root MuiButton-root MuiButton-text lfZVQa MuiButton-colorInherit"
                                  tabindex="0"
                                  type="button"
                                >
                                  <span
                                    class="MuiButton-label"
                                  >
                                    <h2
                                      class=""
                                    >
                                      Kind
                                    </h2>
                                  </span>
                                  <span
                                    class="MuiTouchRipple-root"
                                  />
                                </button>
                                <div
                                  class="fmllGp"
                                />
                                <div
                                  style="width: 16px;"
                                />
                              </div>
                            </th>
                            <th
                              class="MuiTableCell-root MuiTableCell-head"
                              scope="col"
                            >
                              <div
                                class="IsKSv"
                              >
                                <button
                                  class="MuiButtonBase-root MuiButton-root MuiButton-text lfZVQa MuiButton-colorInherit"
                                  tabindex="0"
                                  type="button"
                                >
                                  <span
                                    class="MuiButton-label"
                                  >
                                    <h2
                                      class=""
                                    >
                                      Namespace
                                    </h2>
                                  </span>
                                  <span
                                    class="MuiTouchRipple-root"
                                  />
                                </button>
                                <div
                                  class="fmllGp"
                                />
                                <div
                                  style="width: 16px;"
                                />
                              </div>
                            </th>
                            <th
                              class="MuiTableCell-root MuiTableCell-head"
                              scope="col"
                            >
                              <div
                                class="IsKSv"
                              >
                                <button
                                  class="MuiButtonBase-root MuiButton-root MuiButton-text lfZVQa MuiButton-colorInherit"
                                  tabindex="0"
                                  type="button"
                                >
                                  <span
                                    class="MuiButton-label"
                                  >
                                    <h2
                                      class=""
                                    >
                                      Tenant
                                    </h2>
                                  </span>
                                  <span
                                    class="MuiTouchRipple-root"
                                  />
                                </button>
                                <div
                                  class="fmllGp"
                                />
                                <div
                                  style="width: 16px;"
                                />
                              </div>
                            </th>
                            <th
                              class="MuiTableCell-root MuiTableCell-head"
                              scope="col"
                            >
                              <div
                                class="IsKSv"
                              >
                                <button
                                  class="MuiButtonBase-root MuiButton-root MuiButton-text lfZVQa MuiButton-colorInherit"
                                  tabindex="0"
                                  type="button"
                                >
                                  <span
                                    class="MuiButton-label"
                                  >
                                    <h2
                                      class=""
                                    >
                                      Cluster
                                    </h2>
                                  </span>
                                  <span
                                    class="MuiTouchRipple-root"
                                  />
                                </button>
                                <div
                                  class="fmllGp"
                                />
                                <div
                                  style="width: 16px;"
                                />
                              </div>
                            </th>
                            <th
                              class="MuiTableCell-root MuiTableCell-head"
                              scope="col"
                            >
                              <div
                                class="IsKSv"
                              >
                                <button
                                  class="MuiButtonBase-root MuiButton-root MuiButton-text lfZVQa MuiButton-colorInherit"
                                  tabindex="0"
                                  type="button"
                                >
                                  <span
                                    class="MuiButton-label"
                                  >
                                    <h2
                                      class=""
                                    >
                                      Source
                                    </h2>
                                  </span>
                                  <span
                                    class="MuiTouchRipple-root"
                                  />
                                </button>
                                <div
                                  class="fmllGp"
                                />
                                <div
                                  style="width: 16px;"
                                />
                              </div>
                            </th>
                            <th
                              class="MuiTableCell-root MuiTableCell-head"
                              scope="col"
                            >
                              <div
                                class="IsKSv"
                              >
                                <button
                                  class="MuiButtonBase-root MuiButton-root MuiButton-text lfZVQa MuiButton-colorInherit"
                                  tabindex="0"
                                  type="button"
                                >
                                  <span
                                    class="MuiButton-label"
                                  >
                                    <h2
                                      class=""
                                    >
                                      Verified
                                    </h2>
                                  </span>
                                  <span
                                    class="MuiTouchRipple-root"
                                  />
                                </button>
                                <div
                                  class="fmllGp"
                                />
                                <div
                                  style="width: 16px;"
                                />
                              </div>
                            </th>
                            <th
                              class="MuiTableCell-root MuiTableCell-head"
                              scope="col"
                            >
                              <div
                                class="IsKSv"
                              >
                                <button
                                  class="MuiButtonBase-root MuiButton-root MuiButton-text lfZVQa MuiButton-colorInherit"
                                  tabindex="0"
                                  type="button"
                                >
                                  <span
                                    class="MuiButton-label"
                                  >
                                    <h2
                                      class="selected"
                                    >
                                      Status
                                    </h2>
                                  </span>
                                  <span
                                    class="MuiTouchRipple-root"
                                  />
                                </button>
                                <div
                                  class="fmllGp"
                                />
                                <div
                                  class="fNCJgN hxXmRH downward"
                                >
                                  <svg
                                    aria-hidden="true"
                                    class="MuiSvgIcon-root"
                                    focusable="false"
                                    viewBox="0 0 24 24"
                                  >
                                    <path
                                      d="M4 12l1.41 1.41L11 7.83V20h2V7.83l5.58 5.59L20 12l-8-8-8 8z"
                                    />
                                  </svg>
                                </div>
                              </div>
                            </th>
                            <th
                              class="MuiTableCell-root MuiTableCell-head"
                              scope="col"
                            >
                              <div
                                class="IsKSv"
                              >
                                <button
                                  class="MuiButtonBase-root MuiButton-root MuiButton-text lfZVQa MuiButton-colorInherit"
                                  tabindex="0"
                                  type="button"
                                >
                                  <span
                                    class="MuiButton-label"
                                  >
                                    <h2
                                      class=""
                                    >
                                      Message
                                    </h2>
                                  </span>
                                  <span
                                    class="MuiTouchRipple-root"
                                  />
                                </button>
                                <div
                                  class="fmllGp"
                                />
                                <div
                                  style="width: 16px;"
                                />
                              </div>
                            </th>
                            <th
                              class="MuiTableCell-root MuiTableCell-head"
                              scope="col"
                            >
                              <div
                                class="IsKSv"
                              >
                                <button
                                  class="MuiButtonBase-root MuiButton-root MuiButton-text lfZVQa MuiButton-colorInherit"
                                  tabindex="0"
                                  type="button"
                                >
                                  <span
                                    class="MuiButton-label"
                                  >
                                    <h2
                                      class=""
                                    >
                                      Revision
                                    </h2>
                                  </span>
                                  <span
                                    class="MuiTouchRipple-root"
                                  />
                                </button>
                                <div
                                  class="fmllGp"
                                />
                                <div
                                  style="width: 16px;"
                                />
                              </div>
                            </th>
                            <th
                              class="MuiTableCell-root MuiTableCell-head"
                              scope="col"
                            >
                              <div
                                class="IsKSv"
                              >
                                <button
                                  class="MuiButtonBase-root MuiButton-root MuiButton-text lfZVQa MuiButton-colorInherit"
                                  tabindex="0"
                                  type="button"
                                >
                                  <span
                                    class="MuiButton-label"
                                  >
                                    <h2
                                      class=""
                                    >
                                      Last Updated
                                    </h2>
                                  </span>
                                  <span
                                    class="MuiTouchRipple-root"
                                  />
                                </button>
                                <div
                                  class="fmllGp"
                                />
                                <div
                                  style="width: 16px;"
                                />
                              </div>
                            </th>
                          </tr>
                        </thead>
                        <tbody
                          class="MuiTableBody-root"
                        >
                          <tr
                            class="MuiTableRow-root ddpJhU"
                            colspan="12"
                          >
                            <td
                              class="MuiTableCell-root MuiTableCell-body"
                              colspan="12"
                            >
                              <div
                                class="gnzECe"
                              >
                                <div
                                  class="fNCJgN ZeDkf"
                                >
                                  <svg
                                    aria-hidden="true"
                                    class="MuiSvgIcon-root"
                                    focusable="false"
                                    viewBox="0 0 24 24"
                                  >
                                    <path
                                      d="M12 2C6.48 2 2 6.48 2 12s4.48 10 10 10 10-4.48 10-10S17.52 2 12 2zm5 11H7v-2h10v2z"
                                    />
                                  </svg>
                                </div>
                                <div
                                  class="fmllGp"
                                />
                                <span
                                  class="HUMjn"
                                  color="neutral30"
                                >
                                  No data
                                </span>
                              </div>
                            </td>
                          </tr>
                        </tbody>
                      </table>
                    </div>
                    <div
                      class="XgjCm"
                      data-testid="container"
                    >
                      <div
                        class="bAMNsV"
                      >
                        <div
                          class="iFhDHU dZmynw"
                        >
                          <div
                            class="eqkCsf"
                          >
                            <span
                              class="egCvco"
                              color="neutral30"
                            >
                              Filters
                            </span>
                          </div>
                          <form
                            class="$311205a5eac77e9e$var$ControlledForm"
                          >
                            <ul
                              class="MuiList-root MuiList-padding"
                            >
                              <li
                                class="MuiListItem-root MuiListItem-gutters"
                              >
                                <ul
                                  class="MuiList-root MuiList-padding"
                                >
                                  <li
                                    class="MuiListItem-root MuiListItem-gutters"
                                  >
                                    <div
                                      class="MuiListItemIcon-root"
                                    >
                                      <span
                                        aria-disabled="true"
                                        class="MuiButtonBase-root MuiIconButton-root PrivateSwitchBase-root-15 MuiCheckbox-root MuiCheckbox-colorSecondary PrivateSwitchBase-disabled-17 Mui-disabled MuiIconButton-colorSecondary Mui-disabled Mui-disabled"
                                        tabindex="-1"
                                      >
                                        <span
                                          class="MuiIconButton-label"
                                        >
                                          <input
                                            class="PrivateSwitchBase-input-18"
                                            data-indeterminate="false"
                                            disabled=""
                                            id="clusterName"
                                            type="checkbox"
                                            value=""
                                          />
                                          <svg
                                            aria-hidden="true"
                                            class="MuiSvgIcon-root"
                                            focusable="false"
                                            viewBox="0 0 24 24"
                                          >
                                            <path
                                              d="M19 5v14H5V5h14m0-2H5c-1.1 0-2 .9-2 2v14c0 1.1.9 2 2 2h14c1.1 0 2-.9 2-2V5c0-1.1-.9-2-2-2z"
                                            />
                                          </svg>
                                        </span>
                                      </span>
                                    </div>
                                    <span
                                      class="iSVyTx"
                                      color="neutral30"
                                    >
                                      cluster
                                    </span>
                                  </li>
                                </ul>
                              </li>
                              <li
                                class="MuiListItem-root MuiListItem-gutters"
                              >
                                <ul
                                  class="MuiList-root MuiList-padding"
                                >
                                  <li
                                    class="MuiListItem-root MuiListItem-gutters"
                                  >
                                    <div
                                      class="MuiListItemIcon-root"
                                    >
                                      <span
                                        aria-disabled="true"
                                        class="MuiButtonBase-root MuiIconButton-root PrivateSwitchBase-root-15 MuiCheckbox-root MuiCheckbox-colorSecondary PrivateSwitchBase-disabled-17 Mui-disabled MuiIconButton-colorSecondary Mui-disabled Mui-disabled"
                                        tabindex="-1"
                                      >
                                        <span
                                          class="MuiIconButton-label"
                                        >
                                          <input
                                            class="PrivateSwitchBase-input-18"
                                            data-indeterminate="false"
                                            disabled=""
                                            id="namespace"
                                            type="checkbox"
                                            value=""
                                          />
                                          <svg
                                            aria-hidden="true"
                                            class="MuiSvgIcon-root"
                                            focusable="false"
                                            viewBox="0 0 24 24"
                                          >
                                            <path
                                              d="M19 5v14H5V5h14m0-2H5c-1.1 0-2 .9-2 2v14c0 1.1.9 2 2 2h14c1.1 0 2-.9 2-2V5c0-1.1-.9-2-2-2z"
                                            />
                                          </svg>
                                        </span>
                                      </span>
                                    </div>
                                    <span
                                      class="iSVyTx"
                                      color="neutral30"
                                    >
                                      namespace
                                    </span>
                                  </li>
                                </ul>
                              </li>
                              <li
                                class="MuiListItem-root MuiListItem-gutters"
                              >
                                <ul
                                  class="MuiList-root MuiList-padding"
                                >
                                  <li
                                    class="MuiListItem-root MuiListItem-gutters"
                                  >
                                    <div
                                      class="MuiListItemIcon-root"
                                    >
                                      <span
                                        aria-disabled="true"
                                        class="MuiButtonBase-root MuiIconButton-root PrivateSwitchBase-root-15 MuiCheckbox-root MuiCheckbox-colorSecondary PrivateSwitchBase-disabled-17 Mui-disabled MuiIconButton-colorSecondary Mui-disabled Mui-disabled"
                                        tabindex="-1"
                                      >
                                        <span
                                          class="MuiIconButton-label"
                                        >
                                          <input
                                            class="PrivateSwitchBase-input-18"
                                            data-indeterminate="false"
                                            disabled=""
                                            id="status"
                                            type="checkbox"
                                            value=""
                                          />
                                          <svg
                                            aria-hidden="true"
                                            class="MuiSvgIcon-root"
                                            focusable="false"
                                            viewBox="0 0 24 24"
                                          >
                                            <path
                                              d="M19 5v14H5V5h14m0-2H5c-1.1 0-2 .9-2 2v14c0 1.1.9 2 2 2h14c1.1 0 2-.9 2-2V5c0-1.1-.9-2-2-2z"
                                            />
                                          </svg>
                                        </span>
                                      </span>
                                    </div>
                                    <span
                                      class="iSVyTx"
                                      color="neutral30"
                                    >
                                      status
                                    </span>
                                  </li>
                                </ul>
                              </li>
                              <li
                                class="MuiListItem-root MuiListItem-gutters"
                              >
                                <ul
                                  class="MuiList-root MuiList-padding"
                                >
                                  <li
                                    class="MuiListItem-root MuiListItem-gutters"
                                  >
                                    <div
                                      class="MuiListItemIcon-root"
                                    >
                                      <span
                                        aria-disabled="true"
                                        class="MuiButtonBase-root MuiIconButton-root PrivateSwitchBase-root-15 MuiCheckbox-root MuiCheckbox-colorSecondary PrivateSwitchBase-disabled-17 Mui-disabled MuiIconButton-colorSecondary Mui-disabled Mui-disabled"
                                        tabindex="-1"
                                      >
                                        <span
                                          class="MuiIconButton-label"
                                        >
                                          <input
                                            class="PrivateSwitchBase-input-18"
                                            data-indeterminate="false"
                                            disabled=""
                                            id="tenant"
                                            type="checkbox"
                                            value=""
                                          />
                                          <svg
                                            aria-hidden="true"
                                            class="MuiSvgIcon-root"
                                            focusable="false"
                                            viewBox="0 0 24 24"
                                          >
                                            <path
                                              d="M19 5v14H5V5h14m0-2H5c-1.1 0-2 .9-2 2v14c0 1.1.9 2 2 2h14c1.1 0 2-.9 2-2V5c0-1.1-.9-2-2-2z"
                                            />
                                          </svg>
                                        </span>
                                      </span>
                                    </div>
                                    <span
                                      class="iSVyTx"
                                      color="neutral30"
                                    >
                                      tenant
                                    </span>
                                  </li>
                                </ul>
                              </li>
                              <li
                                class="MuiListItem-root MuiListItem-gutters"
                              >
                                <ul
                                  class="MuiList-root MuiList-padding"
                                >
                                  <li
                                    class="MuiListItem-root MuiListItem-gutters"
                                  >
                                    <div
                                      class="MuiListItemIcon-root"
                                    >
                                      <span
                                        aria-disabled="true"
                                        class="MuiButtonBase-root MuiIconButton-root PrivateSwitchBase-root-15 MuiCheckbox-root MuiCheckbox-colorSecondary PrivateSwitchBase-disabled-17 Mui-disabled MuiIconButton-colorSecondary Mui-disabled Mui-disabled"
                                        tabindex="-1"
                                      >
                                        <span
                                          class="MuiIconButton-label"
                                        >
                                          <input
                                            class="PrivateSwitchBase-input-18"
                                            data-indeterminate="false"
                                            disabled=""
                                            id="type"
                                            type="checkbox"
                                            value=""
                                          />
                                          <svg
                                            aria-hidden="true"
                                            class="MuiSvgIcon-root"
                                            focusable="false"
                                            viewBox="0 0 24 24"
                                          >
                                            <path
                                              d="M19 5v14H5V5h14m0-2H5c-1.1 0-2 .9-2 2v14c0 1.1.9 2 2 2h14c1.1 0 2-.9 2-2V5c0-1.1-.9-2-2-2z"
                                            />
                                          </svg>
                                        </span>
                                      </span>
                                    </div>
                                    <span
                                      class="iSVyTx"
                                      color="neutral30"
                                    >
                                      type
                                    </span>
                                  </li>
                                </ul>
                              </li>
                            </ul>
                          </form>
                        </div>
                      </div>
                    </div>
                  </div>
                </div>
              </div>
            </div>
          </div>
        </div>
      </div>
    </div>
  </div>
</div>
`;
